// Jest Snapshot v1, https://goo.gl/fbAQLP

exports[`should correctly render LoginPage 1`] = `
<div
  className="box-layout"
>
  <div
    className="box-layout__menu"
  >
    <h1
      className="box-layout__title"
    >
      Note Logger
    </h1>
    <p>
      An app that lets you log and keep track of notes.
    </p>
    <button
      className="button"
    >
      Login via Google
    </button>
  </div>
</div>
`;
